Archive member included to satisfy reference by file (symbol)

/usr/lib/gcc/avr/8.2.0/avr5/libgcc.a(_exit.o)
                              /usr/lib/gcc/avr/8.2.0/../../../../avr/lib/avr5/crtatmega32u4.o (exit)
/usr/lib/gcc/avr/8.2.0/avr5/libgcc.a(_copy_data.o)
                              obj/haptyk.o (__do_copy_data)
/usr/lib/gcc/avr/8.2.0/avr5/libgcc.a(_clear_bss.o)
                              obj/DeviceStandardReq.o (__do_clear_bss)
/usr/lib/gcc/avr/8.2.0/../../../../avr/lib/avr5/libc.a(memcpy_P.o)
                              obj/RNDISClassDevice.o (memcpy_P)
/usr/lib/gcc/avr/8.2.0/../../../../avr/lib/avr5/libc.a(strlen_P.o)
                              obj/CDCClassDevice.o (__strlen_P)
/usr/lib/gcc/avr/8.2.0/../../../../avr/lib/avr5/libc.a(memcmp.o)
                              obj/HIDClassDevice.o (memcmp)
/usr/lib/gcc/avr/8.2.0/../../../../avr/lib/avr5/libc.a(memcpy.o)
                              obj/HIDClassDevice.o (memcpy)
/usr/lib/gcc/avr/8.2.0/../../../../avr/lib/avr5/libc.a(memset.o)
                              obj/HIDClassDevice.o (memset)
/usr/lib/gcc/avr/8.2.0/../../../../avr/lib/avr5/libc.a(vsnprintf.o)
                              obj/print.o (vsnprintf)
/usr/lib/gcc/avr/8.2.0/../../../../avr/lib/avr5/libc.a(vfprintf_std.o)
                              /usr/lib/gcc/avr/8.2.0/../../../../avr/lib/avr5/libc.a(vsnprintf.o) (vfprintf)
/usr/lib/gcc/avr/8.2.0/../../../../avr/lib/avr5/libc.a(strnlen_P.o)
                              /usr/lib/gcc/avr/8.2.0/../../../../avr/lib/avr5/libc.a(vfprintf_std.o) (strnlen_P)
/usr/lib/gcc/avr/8.2.0/../../../../avr/lib/avr5/libc.a(strnlen.o)
                              /usr/lib/gcc/avr/8.2.0/../../../../avr/lib/avr5/libc.a(vfprintf_std.o) (strnlen)
/usr/lib/gcc/avr/8.2.0/../../../../avr/lib/avr5/libc.a(fputc.o)
                              /usr/lib/gcc/avr/8.2.0/../../../../avr/lib/avr5/libc.a(vfprintf_std.o) (fputc)
/usr/lib/gcc/avr/8.2.0/../../../../avr/lib/avr5/libc.a(ultoa_invert.o)
                              /usr/lib/gcc/avr/8.2.0/../../../../avr/lib/avr5/libc.a(vfprintf_std.o) (__ultoa_invert)
/usr/lib/gcc/avr/8.2.0/../../../../avr/lib/avr5/libatmega32u4.a(eerd_byte.o)
                              obj/EndpointStream_AVR8.o (eeprom_read_byte)
/usr/lib/gcc/avr/8.2.0/../../../../avr/lib/avr5/libatmega32u4.a(eeupd_byte.o)
                              obj/EndpointStream_AVR8.o (eeprom_update_byte)
/usr/lib/gcc/avr/8.2.0/avr5/libgcc.a(_prologue.o)
                              /usr/lib/gcc/avr/8.2.0/../../../../avr/lib/avr5/libc.a(vsnprintf.o) (__prologue_saves__)
/usr/lib/gcc/avr/8.2.0/avr5/libgcc.a(_epilogue.o)
                              /usr/lib/gcc/avr/8.2.0/../../../../avr/lib/avr5/libc.a(vsnprintf.o) (__epilogue_restores__)

Allocating common symbols
Common symbol       size              file

USB_IsInitialized   0x1               obj/USBTask.o
USB_DeviceState     0x1               obj/USBTask.o
USB_Device_ConfigurationNumber
                    0x1               obj/DeviceStandardReq.o
USB_Device_CurrentlySelfPowered
                    0x1               obj/DeviceStandardReq.o
USB_ControlRequest  0x8               obj/USBTask.o
USB_Device_RemoteWakeupEnabled
                    0x1               obj/DeviceStandardReq.o

Discarded input sections

 .data          0x0000000000000000        0x0 /usr/lib/gcc/avr/8.2.0/../../../../avr/lib/avr5/crtatmega32u4.o
 .bss           0x0000000000000000        0x0 /usr/lib/gcc/avr/8.2.0/../../../../avr/lib/avr5/crtatmega32u4.o
 .text          0x0000000000000000        0x0 obj/haptyk.o
 .bss           0x0000000000000000        0x0 obj/haptyk.o
 .text          0x0000000000000000        0x0 obj/HIDParser.o
 .data          0x0000000000000000        0x0 obj/HIDParser.o
 .bss           0x0000000000000000        0x0 obj/HIDParser.o
 .text.USB_ProcessHIDReport
                0x0000000000000000      0x6b6 obj/HIDParser.o
 .text.USB_GetHIDReportItemInfo
                0x0000000000000000       0xc0 obj/HIDParser.o
 .text.USB_SetHIDReportItemInfo
                0x0000000000000000       0xb6 obj/HIDParser.o
 .text.USB_GetHIDReportSize
                0x0000000000000000       0x52 obj/HIDParser.o
 .debug_info    0x0000000000000000      0x804 obj/HIDParser.o
 .debug_abbrev  0x0000000000000000      0x253 obj/HIDParser.o
 .debug_loc     0x0000000000000000      0xcd9 obj/HIDParser.o
 .debug_aranges
                0x0000000000000000       0x38 obj/HIDParser.o
 .debug_ranges  0x0000000000000000      0x100 obj/HIDParser.o
 .debug_line    0x0000000000000000      0xd6d obj/HIDParser.o
 .debug_str     0x0000000000000000      0x6bf obj/HIDParser.o
 .comment       0x0000000000000000       0x12 obj/HIDParser.o
 .debug_frame   0x0000000000000000      0x114 obj/HIDParser.o
 .text          0x0000000000000000        0x0 obj/Device_AVR8.o
 .data          0x0000000000000000        0x0 obj/Device_AVR8.o
 .bss           0x0000000000000000        0x0 obj/Device_AVR8.o
 .text.USB_Device_SendRemoteWakeup
[...]
Memory Configuration

Name             Origin             Length             Attributes
text             0x0000000000000000 0x0000000000020000 xr
data             0x0000000000800060 0x000000000000ffa0 rw !x
eeprom           0x0000000000810000 0x0000000000010000 rw !x
fuse             0x0000000000820000 0x0000000000000400 rw !x
lock             0x0000000000830000 0x0000000000000400 rw !x
signature        0x0000000000840000 0x0000000000000400 rw !x
user_signatures  0x0000000000850000 0x0000000000000400 rw !x
*default*        0x0000000000000000 0xffffffffffffffff

Linker script and memory map

Address of section .data set to 0x800100
LOAD /usr/lib/gcc/avr/8.2.0/../../../../avr/lib/avr5/crtatmega32u4.o
LOAD obj/haptyk.o
LOAD obj/HIDParser.o
LOAD obj/Device_AVR8.o
LOAD obj/EndpointStream_AVR8.o
LOAD obj/Endpoint_AVR8.o
LOAD obj/Host_AVR8.o
LOAD obj/PipeStream_AVR8.o
LOAD obj/Pipe_AVR8.o
LOAD obj/USBController_AVR8.o
LOAD obj/USBInterrupt_AVR8.o
LOAD obj/ConfigDescriptors.o
LOAD obj/DeviceStandardReq.o
LOAD obj/Events.o
LOAD obj/HostStandardReq.o
LOAD obj/USBTask.o
LOAD obj/AudioClassDevice.o
LOAD obj/CDCClassDevice.o
LOAD obj/HIDClassDevice.o
LOAD obj/MassStorageClassDevice.o
LOAD obj/MIDIClassDevice.o
LOAD obj/PrinterClassDevice.o
LOAD obj/RNDISClassDevice.o
LOAD obj/AndroidAccessoryClassHost.o
LOAD obj/AudioClassHost.o
LOAD obj/CDCClassHost.o
LOAD obj/HIDClassHost.o
LOAD obj/MassStorageClassHost.o
LOAD obj/MIDIClassHost.o
LOAD obj/PrinterClassHost.o
LOAD obj/RNDISClassHost.o
LOAD obj/StillImageClassHost.o
LOAD obj/Descriptors.o
LOAD obj/usb_driver.o
LOAD obj/bt.o
LOAD obj/spi.o
LOAD obj/sdep.o
LOAD obj/print.o
LOAD /usr/lib/gcc/avr/8.2.0/../../../../avr/lib/avr5/libm.a
START GROUP
LOAD /usr/lib/gcc/avr/8.2.0/avr5/libgcc.a
LOAD /usr/lib/gcc/avr/8.2.0/../../../../avr/lib/avr5/libm.a
LOAD /usr/lib/gcc/avr/8.2.0/../../../../avr/lib/avr5/libc.a
LOAD /usr/lib/gcc/avr/8.2.0/../../../../avr/lib/avr5/libatmega32u4.a
END GROUP
                0x0000000000020000                __TEXT_REGION_LENGTH__ = DEFINED (__TEXT_REGION_LENGTH__)?__TEXT_REGION_LENGTH__:0x20000
                0x000000000000ffa0                __DATA_REGION_LENGTH__ = DEFINED (__DATA_REGION_LENGTH__)?__DATA_REGION_LENGTH__:0xffa0
                0x0000000000010000                __EEPROM_REGION_LENGTH__ = DEFINED (__EEPROM_REGION_LENGTH__)?__EEPROM_REGION_LENGTH__:0x10000
                0x0000000000000400                __FUSE_REGION_LENGTH__ = DEFINED (__FUSE_REGION_LENGTH__)?__FUSE_REGION_LENGTH__:0x400
                0x0000000000000400                __LOCK_REGION_LENGTH__ = DEFINED (__LOCK_REGION_LENGTH__)?__LOCK_REGION_LENGTH__:0x400
                0x0000000000000400                __SIGNATURE_REGION_LENGTH__ = DEFINED (__SIGNATURE_REGION_LENGTH__)?__SIGNATURE_REGION_LENGTH__:0x400
                0x0000000000000400                __USER_SIGNATURE_REGION_LENGTH__ = DEFINED (__USER_SIGNATURE_REGION_LENGTH__)?__USER_SIGNATURE_REGION_LENGTH__:0x400

.hash
 *(.hash)

.dynsym
 *(.dynsym)

.dynstr
 *(.dynstr)

.gnu.version
 *(.gnu.version)

.gnu.version_d
 *(.gnu.version_d)

.gnu.version_r
 *(.gnu.version_r)

.rel.init
 *(.rel.init)

.rela.init
 *(.rela.init)

.rel.text
 *(.rel.text)
 *(.rel.text.*)
 *(.rel.gnu.linkonce.t*)

.rela.text
 *(.rela.text)
 *(.rela.text.*)
 *(.rela.gnu.linkonce.t*)

.rel.fini
 *(.rel.fini)

.rela.fini
 *(.rela.fini)

.rel.rodata
 *(.rel.rodata)
 *(.rel.rodata.*)
 *(.rel.gnu.linkonce.r*)

.rela.rodata
 *(.rela.rodata)
 *(.rela.rodata.*)
 *(.rela.gnu.linkonce.r*)

.rel.data
 *(.rel.data)
 *(.rel.data.*)
 *(.rel.gnu.linkonce.d*)

.rela.data
 *(.rela.data)
 *(.rela.data.*)
 *(.rela.gnu.linkonce.d*)

.rel.ctors
 *(.rel.ctors)

.rela.ctors
 *(.rela.ctors)

.rel.dtors
 *(.rel.dtors)

.rela.dtors
 *(.rela.dtors)

.rel.got
 *(.rel.got)

.rela.got
 *(.rela.got)

.rel.bss
 *(.rel.bss)

.rela.bss
 *(.rela.bss)

.rel.plt
 *(.rel.plt)

.rela.plt
 *(.rela.plt)

.text           0x0000000000000000     0x1396
 *(.vectors)
 .vectors       0x0000000000000000       0xac /usr/lib/gcc/avr/8.2.0/../../../../avr/lib/avr5/crtatmega32u4.o
                0x0000000000000000                __vectors
                0x0000000000000000                __vector_default
 *(.vectors)
 *(.progmem.gcc*)
                0x00000000000000ac                . = ALIGN (0x2)
                0x00000000000000ac                __trampolines_start = .
 *(.trampolines)
 .trampolines   0x00000000000000ac        0x0 linker stubs
 *(.trampolines*)
                0x00000000000000ac                __trampolines_end = .
 *libprintf_flt.a:*(.progmem.data)
 *libc.a:*(.progmem.data)
 *(.progmem.*)
 .progmem.data  0x00000000000000ac       0x8c obj/Descriptors.o
                0x00000000000000ac                ProductString
                0x00000000000000ca                ManufacturerString
                0x00000000000000e4                LanguageString
                0x00000000000000e8                ConfigurationDescriptor
                0x0000000000000126                DeviceDescriptor
                0x0000000000000138                . = ALIGN (0x2)
 *(.lowtext)
 *(.lowtext*)
                0x0000000000000138                __ctors_start = .
 *(.ctors)
                0x0000000000000138                __ctors_end = .
                0x0000000000000138                __dtors_start = .
 *(.dtors)
                0x0000000000000138                __dtors_end = .
 SORT_BY_NAME(*)(.ctors)
 SORT_BY_NAME(*)(.dtors)
 *(.init0)
 .init0         0x0000000000000138        0x0 /usr/lib/gcc/avr/8.2.0/../../../../avr/lib/avr5/crtatmega32u4.o
                0x0000000000000138                __init
 *(.init0)
 *(.init1)
 *(.init1)
 *(.init2)
 .init2         0x0000000000000138        0xc /usr/lib/gcc/avr/8.2.0/../../../../avr/lib/avr5/crtatmega32u4.o
 *(.init2)
 *(.init3)
 *(.init3)
 *(.init4)
 .init4         0x0000000000000144       0x16 /usr/lib/gcc/avr/8.2.0/avr5/libgcc.a(_copy_data.o)
                0x0000000000000144                __do_copy_data
 .init4         0x000000000000015a       0x10 /usr/lib/gcc/avr/8.2.0/avr5/libgcc.a(_clear_bss.o)
                0x000000000000015a                __do_clear_bss
 *(.init4)
 *(.init5)
 *(.init5)
 *(.init6)
 *(.init6)
 *(.init7)
 *(.init7)
 *(.init8)
 *(.init8)
 *(.init9)
 .init9         0x000000000000016a        0x6 /usr/lib/gcc/avr/8.2.0/../../../../avr/lib/avr5/crtatmega32u4.o
 *(.init9)
 *(.text)
 .text          0x0000000000000170        0x2 /usr/lib/gcc/avr/8.2.0/../../../../avr/lib/avr5/crtatmega32u4.o
                0x0000000000000170                __vector_38
                0x0000000000000170                __vector_22
                0x0000000000000170                __vector_28
                0x0000000000000170                __vector_1
                0x0000000000000170                __vector_32
                0x0000000000000170                __vector_34
                0x0000000000000170                __vector_24
                0x0000000000000170                __vector_12
                0x0000000000000170                __bad_interrupt
                0x0000000000000170                __vector_6
                0x0000000000000170                __vector_31
                0x0000000000000170                __vector_35
                0x0000000000000170                __vector_39
                0x0000000000000170                __vector_3
                0x0000000000000170                __vector_23
                0x0000000000000170                __vector_30
                0x0000000000000170                __vector_25
                0x0000000000000170                __vector_11
                0x0000000000000170                __vector_13
                0x0000000000000170                __vector_17
                0x0000000000000170                __vector_19
                0x0000000000000170                __vector_7
                0x0000000000000170                __vector_41
                0x0000000000000170                __vector_27
                0x0000000000000170                __vector_5
                0x0000000000000170                __vector_33
                0x0000000000000170                __vector_37
                0x0000000000000170                __vector_4
                0x0000000000000170                __vector_9
                0x0000000000000170                __vector_2
                0x0000000000000170                __vector_21
                0x0000000000000170                __vector_15
                0x0000000000000170                __vector_36
                0x0000000000000170                __vector_29
                0x0000000000000170                __vector_40
                0x0000000000000170                __vector_8
                0x0000000000000170                __vector_26
                0x0000000000000170                __vector_14
                0x0000000000000170                __vector_16
                0x0000000000000170                __vector_18
                0x0000000000000170                __vector_20
                0x0000000000000170                __vector_42
                0x0000000000000172                . = ALIGN (0x2)
 *(.text.*)
 .text.setup    0x0000000000000172      0x100 obj/haptyk.o
                0x0000000000000172                setup
 .text.startup.main
                0x0000000000000272        0x2 obj/haptyk.o
                0x0000000000000272                main
 .text.EVENT_USB_Device_Connect
                0x0000000000000274        0x2 obj/haptyk.o
                0x0000000000000274                EVENT_USB_Device_Connect
 .text.EVENT_USB_Device_Disconnect
                0x0000000000000276        0x2 obj/haptyk.o
                0x0000000000000276                EVENT_USB_Device_Disconnect
 .text.EVENT_USB_Device_ConfigurationChanged
                0x0000000000000278       0x2a obj/haptyk.o
                0x0000000000000278                EVENT_USB_Device_ConfigurationChanged
 .text.EVENT_USB_Device_ControlRequest
                0x00000000000002a2       0x72 obj/haptyk.o
                0x00000000000002a2                EVENT_USB_Device_ControlRequest
 .text.Endpoint_Write_Stream_LE
                0x0000000000000314       0x9c obj/EndpointStream_AVR8.o
                0x0000000000000314                Endpoint_Write_Stream_LE
 .text.Endpoint_Write_Control_Stream_LE
                0x00000000000003b0       0xbc obj/EndpointStream_AVR8.o
                0x00000000000003b0                Endpoint_Write_Control_Stream_LE
 .text.Endpoint_Read_Control_Stream_LE
                0x000000000000046c       0x74 obj/EndpointStream_AVR8.o
                0x000000000000046c                Endpoint_Read_Control_Stream_LE
 .text.Endpoint_Write_Control_PStream_LE
                0x00000000000004e0       0xbe obj/EndpointStream_AVR8.o
                0x00000000000004e0                Endpoint_Write_Control_PStream_LE
 .text.Endpoint_ConfigureEndpoint_Prv
                0x000000000000059e       0x68 obj/Endpoint_AVR8.o
                0x000000000000059e                Endpoint_ConfigureEndpoint_Prv
 .text.Endpoint_ClearStatusStage
                0x0000000000000606       0x3e obj/Endpoint_AVR8.o
                0x0000000000000606                Endpoint_ClearStatusStage
 .text.Endpoint_WaitUntilReady
                0x0000000000000644       0x5e obj/Endpoint_AVR8.o
                0x0000000000000644                Endpoint_WaitUntilReady
 .text.USB_ResetInterface
                0x00000000000006a2       0x80 obj/USBController_AVR8.o
                0x00000000000006a2                USB_ResetInterface
 .text.USB_Init
                0x0000000000000722       0x20 obj/USBController_AVR8.o
                0x0000000000000722                USB_Init
 .text.USB_INT_DisableAllInterrupts
                0x0000000000000742       0x10 obj/USBInterrupt_AVR8.o
                0x0000000000000742                USB_INT_DisableAllInterrupts
 .text.USB_INT_ClearAllInterrupts
                0x0000000000000752        0xa obj/USBInterrupt_AVR8.o
                0x0000000000000752                USB_INT_ClearAllInterrupts
 .text.__vector_10
                0x000000000000075c      0x188 obj/USBInterrupt_AVR8.o
                0x000000000000075c                __vector_10
 .text.USB_Device_ProcessControlRequest
                0x00000000000008e4      0x2b6 obj/DeviceStandardReq.o
                0x00000000000008e4                USB_Device_ProcessControlRequest
 .text.USB_Event_Stub
                0x0000000000000b9a        0x2 obj/Events.o
                0x0000000000000b9a                EVENT_USB_Device_WakeUp
                0x0000000000000b9a                USB_Event_Stub
                0x0000000000000b9a                EVENT_USB_Device_Suspend
                0x0000000000000b9a                EVENT_USB_Device_StartOfFrame
                0x0000000000000b9a                EVENT_USB_Device_Reset
 .text.USB_USBTask
                0x0000000000000b9c       0x36 obj/USBTask.o
                0x0000000000000b9c                USB_USBTask
 .text.CALLBACK_USB_GetDescriptor
                0x0000000000000bd2       0x62 obj/Descriptors.o
                0x0000000000000bd2                CALLBACK_USB_GetDescriptor
 .text.bt_init  0x0000000000000c34       0x54 obj/bt.o
                0x0000000000000c34                bt_init
 .text.bt_connected
                0x0000000000000c88       0x5a obj/bt.o
                0x0000000000000c88                bt_connected
 .text.spi_init
                0x0000000000000ce2        0xa obj/spi.o
                0x0000000000000ce2                spi_init
 .text.spi_transfer
                0x0000000000000cec       0x30 obj/spi.o
                0x0000000000000cec                spi_transfer
 .text.sdep_send
                0x0000000000000d1c       0xac obj/sdep.o
                0x0000000000000d1c                sdep_send
 .text.ht_log   0x0000000000000dc8       0x1e obj/print.o
                0x0000000000000dc8                ht_log
 .text.ht_logf  0x0000000000000de6       0x2c obj/print.o
                0x0000000000000de6                ht_logf
 .text.avr-libc
                0x0000000000000e12       0x52 /usr/lib/gcc/avr/8.2.0/../../../../avr/lib/avr5/libc.a(vsnprintf.o)
                0x0000000000000e12                vsnprintf
 .text.avr-libc
                0x0000000000000e64      0x378 /usr/lib/gcc/avr/8.2.0/../../../../avr/lib/avr5/libc.a(vfprintf_std.o)
                0x0000000000000e64                vfprintf
 .text.avr-libc
                0x00000000000011dc       0x16 /usr/lib/gcc/avr/8.2.0/../../../../avr/lib/avr5/libc.a(strnlen_P.o)
                0x00000000000011dc                strnlen_P
 .text.avr-libc
                0x00000000000011f2       0x16 /usr/lib/gcc/avr/8.2.0/../../../../avr/lib/avr5/libc.a(strnlen.o)
                0x00000000000011f2                strnlen
 .text.avr-libc
                0x0000000000001208       0x60 /usr/lib/gcc/avr/8.2.0/../../../../avr/lib/avr5/libc.a(fputc.o)
                0x0000000000001208                fputc
 .text.avr-libc
                0x0000000000001268       0xbc /usr/lib/gcc/avr/8.2.0/../../../../avr/lib/avr5/libc.a(ultoa_invert.o)
                0x0000000000001268                __ultoa_invert
 .text.libgcc.prologue
                0x0000000000001324       0x38 /usr/lib/gcc/avr/8.2.0/avr5/libgcc.a(_prologue.o)
                0x0000000000001324                __prologue_saves__
 .text.libgcc.prologue
                0x000000000000135c       0x36 /usr/lib/gcc/avr/8.2.0/avr5/libgcc.a(_epilogue.o)
                0x000000000000135c                __epilogue_restores__
                0x0000000000001392                . = ALIGN (0x2)
 *(.fini9)
 .fini9         0x0000000000001392        0x0 /usr/lib/gcc/avr/8.2.0/avr5/libgcc.a(_exit.o)
                0x0000000000001392                exit
                0x0000000000001392                _exit
 *(.fini9)
 *(.fini8)
 *(.fini8)
 *(.fini7)
 *(.fini7)
 *(.fini6)
 *(.fini6)
 *(.fini5)
 *(.fini5)
 *(.fini4)
 *(.fini4)
 *(.fini3)
 *(.fini3)
 *(.fini2)
 *(.fini2)
 *(.fini1)
 *(.fini1)
 *(.fini0)
 .fini0         0x0000000000001392        0x4 /usr/lib/gcc/avr/8.2.0/avr5/libgcc.a(_exit.o)
 *(.fini0)
 *(.hightext)
 *(.hightext*)
 *(.progmemx.*)
                0x0000000000001396                . = ALIGN (0x2)
 *(.jumptables)
 *(.jumptables*)
                0x0000000000001396                _etext = .

.data           0x0000000000800100       0x48 load address 0x0000000000001396
                0x0000000000800100                PROVIDE (__data_start = .)
 *(.data)
 .data          0x0000000000800100        0x7 obj/haptyk.o
 *(.data*)
 *(.gnu.linkonce.d*)
 *(.rodata)
 *(.rodata*)
 .rodata.str1.1
                0x0000000000800107        0x8 obj/haptyk.o
 .rodata.str1.1
                0x000000000080010f        0xe obj/bt.o
                                          0xf (size before relaxing)
 .rodata.str1.1
                0x000000000080011d       0x11 obj/spi.o
 .rodata.str1.1
                0x000000000080012e       0x19 obj/sdep.o
 *(.gnu.linkonce.r*)
                0x0000000000800148                . = ALIGN (0x2)
 *fill*         0x0000000000800147        0x1 
                0x0000000000800148                _edata = .
                0x0000000000800148                PROVIDE (__data_end = .)

.bss            0x0000000000800148      0x10d
                0x0000000000800148                PROVIDE (__bss_start = .)
 *(.bss)
 .bss           0x0000000000800148      0x100 obj/print.o
 *(.bss*)
 *(COMMON)
 COMMON         0x0000000000800248        0x3 obj/DeviceStandardReq.o
                0x0000000000800248                USB_Device_ConfigurationNumber
                0x0000000000800249                USB_Device_CurrentlySelfPowered
                0x000000000080024a                USB_Device_RemoteWakeupEnabled
 COMMON         0x000000000080024b        0xa obj/USBTask.o
                0x000000000080024b                USB_IsInitialized
                0x000000000080024c                USB_DeviceState
                0x000000000080024d                USB_ControlRequest
                0x0000000000800255                PROVIDE (__bss_end = .)
                0x0000000000001396                __data_load_start = LOADADDR (.data)
                0x00000000000013de                __data_load_end = (__data_load_start + SIZEOF (.data))

.noinit         0x0000000000800255        0x0
                [!provide]                        PROVIDE (__noinit_start = .)
 *(.noinit*)
                [!provide]                        PROVIDE (__noinit_end = .)
                0x0000000000800255                _end = .
                [!provide]                        PROVIDE (__heap_start = .)

.eeprom         0x0000000000810000        0x0
 *(.eeprom*)
                0x0000000000810000                __eeprom_end = .

.fuse
 *(.fuse)
 *(.lfuse)
 *(.hfuse)
 *(.efuse)

.lock
 *(.lock*)

.signature
 *(.signature*)

.stab
 *(.stab)

.stabstr
 *(.stabstr)

.stab.excl
 *(.stab.excl)

.stab.exclstr
 *(.stab.exclstr)

.stab.index
 *(.stab.index)

.stab.indexstr
 *(.stab.indexstr)

.comment        0x0000000000000000       0x11
 *(.comment)
 .comment       0x0000000000000000       0x11 obj/haptyk.o
                                         0x12 (size before relaxing)
 .comment       0x0000000000000011       0x12 obj/EndpointStream_AVR8.o
 .comment       0x0000000000000011       0x12 obj/Endpoint_AVR8.o
 .comment       0x0000000000000011       0x12 obj/USBController_AVR8.o
 .comment       0x0000000000000011       0x12 obj/USBInterrupt_AVR8.o
 .comment       0x0000000000000011       0x12 obj/DeviceStandardReq.o
 .comment       0x0000000000000011       0x12 obj/Events.o
 .comment       0x0000000000000011       0x12 obj/USBTask.o
 .comment       0x0000000000000011       0x12 obj/Descriptors.o
 .comment       0x0000000000000011       0x12 obj/bt.o
 .comment       0x0000000000000011       0x12 obj/spi.o
 .comment       0x0000000000000011       0x12 obj/sdep.o
 .comment       0x0000000000000011       0x12 obj/print.o
 .comment       0x0000000000000011       0x12 /usr/lib/gcc/avr/8.2.0/../../../../avr/lib/avr5/libc.a(vsnprintf.o)
 .comment       0x0000000000000011       0x12 /usr/lib/gcc/avr/8.2.0/../../../../avr/lib/avr5/libc.a(vfprintf_std.o)
 .comment       0x0000000000000011       0x12 /usr/lib/gcc/avr/8.2.0/../../../../avr/lib/avr5/libc.a(fputc.o)

.note.gnu.avr.deviceinfo
                0x0000000000000000       0x40
 .note.gnu.avr.deviceinfo
                0x0000000000000000       0x40 /usr/lib/gcc/avr/8.2.0/../../../../avr/lib/avr5/crtatmega32u4.o

.note.gnu.build-id
 *(.note.gnu.build-id)

.debug
 *(.debug)

.line
 *(.line)

.debug_srcinfo
 *(.debug_srcinfo)

.debug_sfnames
 *(.debug_sfnames)

.debug_aranges  0x0000000000000000      0x2d0
 *(.debug_aranges)
 .debug_aranges
                0x0000000000000000       0x40 obj/haptyk.o
 .debug_aranges
                0x0000000000000040       0xc8 obj/EndpointStream_AVR8.o
 .debug_aranges
                0x0000000000000108       0x40 obj/Endpoint_AVR8.o
 .debug_aranges
                0x0000000000000148       0x30 obj/USBController_AVR8.o
 .debug_aranges
                0x0000000000000178       0x30 obj/USBInterrupt_AVR8.o
 .debug_aranges
                0x00000000000001a8       0x20 obj/DeviceStandardReq.o
 .debug_aranges
                0x00000000000001c8       0x20 obj/Events.o
 .debug_aranges
                0x00000000000001e8       0x20 obj/USBTask.o
 .debug_aranges
                0x0000000000000208       0x20 obj/Descriptors.o
 .debug_aranges
                0x0000000000000228       0x38 obj/bt.o
 .debug_aranges
                0x0000000000000260       0x28 obj/spi.o
 .debug_aranges
                0x0000000000000288       0x20 obj/sdep.o
 .debug_aranges
                0x00000000000002a8       0x28 obj/print.o

.debug_pubnames
 *(.debug_pubnames)

.debug_info     0x0000000000000000     0x6f76
 *(.debug_info .gnu.linkonce.wi.*)
 .debug_info    0x0000000000000000      0x9f4 /usr/lib/gcc/avr/8.2.0/../../../../avr/lib/avr5/crtatmega32u4.o
 .debug_info    0x00000000000009f4      0xc61 obj/haptyk.o
 .debug_info    0x0000000000001655     0x1e0c obj/EndpointStream_AVR8.o
 .debug_info    0x0000000000003461      0x75d obj/Endpoint_AVR8.o
 .debug_info    0x0000000000003bbe      0x606 obj/USBController_AVR8.o
 .debug_info    0x00000000000041c4      0x885 obj/USBInterrupt_AVR8.o
 .debug_info    0x0000000000004a49      0xc58 obj/DeviceStandardReq.o
 .debug_info    0x00000000000056a1       0x79 obj/Events.o
 .debug_info    0x000000000000571a      0x2eb obj/USBTask.o
 .debug_info    0x0000000000005a05      0x9b6 obj/Descriptors.o
 .debug_info    0x00000000000063bb      0x375 obj/bt.o
 .debug_info    0x0000000000006730       0xe2 obj/spi.o
 .debug_info    0x0000000000006812      0x38b obj/sdep.o
 .debug_info    0x0000000000006b9d      0x3d9 obj/print.o

.debug_abbrev   0x0000000000000000     0x241a
 *(.debug_abbrev)
 .debug_abbrev  0x0000000000000000      0x96a /usr/lib/gcc/avr/8.2.0/../../../../avr/lib/avr5/crtatmega32u4.o
 .debug_abbrev  0x000000000000096a      0x3ca obj/haptyk.o
 .debug_abbrev  0x0000000000000d34      0x23b obj/EndpointStream_AVR8.o
 .debug_abbrev  0x0000000000000f6f      0x29d obj/Endpoint_AVR8.o
 .debug_abbrev  0x000000000000120c      0x1f5 obj/USBController_AVR8.o
 .debug_abbrev  0x0000000000001401      0x232 obj/USBInterrupt_AVR8.o
 .debug_abbrev  0x0000000000001633      0x33b obj/DeviceStandardReq.o
 .debug_abbrev  0x000000000000196e       0x46 obj/Events.o
 .debug_abbrev  0x00000000000019b4      0x1d9 obj/USBTask.o
 .debug_abbrev  0x0000000000001b8d      0x1d6 obj/Descriptors.o
 .debug_abbrev  0x0000000000001d63      0x20e obj/bt.o
 .debug_abbrev  0x0000000000001f71       0xba obj/spi.o
 .debug_abbrev  0x000000000000202b      0x1b3 obj/sdep.o
 .debug_abbrev  0x00000000000021de      0x23c obj/print.o

.debug_line     0x0000000000000000     0x71c5
 *(.debug_line .debug_line.* .debug_line_end)
 .debug_line    0x0000000000000000       0x1d /usr/lib/gcc/avr/8.2.0/../../../../avr/lib/avr5/crtatmega32u4.o
 .debug_line    0x000000000000001d      0x74f obj/haptyk.o
 .debug_line    0x000000000000076c     0x33a1 obj/EndpointStream_AVR8.o
 .debug_line    0x0000000000003b0d      0x97f obj/Endpoint_AVR8.o
 .debug_line    0x000000000000448c      0x66c obj/USBController_AVR8.o
 .debug_line    0x0000000000004af8      0xaa9 obj/USBInterrupt_AVR8.o
 .debug_line    0x00000000000055a1      0xd23 obj/DeviceStandardReq.o
 .debug_line    0x00000000000062c4       0x5e obj/Events.o
 .debug_line    0x0000000000006322      0x254 obj/USBTask.o
 .debug_line    0x0000000000006576      0x2e4 obj/Descriptors.o
 .debug_line    0x000000000000685a      0x2fa obj/bt.o
 .debug_line    0x0000000000006b54      0x116 obj/spi.o
 .debug_line    0x0000000000006c6a      0x34c obj/sdep.o
 .debug_line    0x0000000000006fb6      0x20f obj/print.o

.debug_frame    0x0000000000000000      0x7dc
 *(.debug_frame)
 .debug_frame   0x0000000000000000       0x74 obj/haptyk.o
 .debug_frame   0x0000000000000074      0x404 obj/EndpointStream_AVR8.o
 .debug_frame   0x0000000000000478       0x78 obj/Endpoint_AVR8.o
 .debug_frame   0x00000000000004f0       0x58 obj/USBController_AVR8.o
 .debug_frame   0x0000000000000548       0x8c obj/USBInterrupt_AVR8.o
 .debug_frame   0x00000000000005d4       0x3c obj/DeviceStandardReq.o
 .debug_frame   0x0000000000000610       0x24 obj/Events.o
 .debug_frame   0x0000000000000634       0x2c obj/USBTask.o
 .debug_frame   0x0000000000000660       0x24 obj/Descriptors.o
 .debug_frame   0x0000000000000684       0x84 obj/bt.o
 .debug_frame   0x0000000000000708       0x50 obj/spi.o
 .debug_frame   0x0000000000000758       0x40 obj/sdep.o
 .debug_frame   0x0000000000000798       0x44 obj/print.o

.debug_str      0x0000000000000000     0x252b
 *(.debug_str)
 .debug_str     0x0000000000000000      0x371 /usr/lib/gcc/avr/8.2.0/../../../../avr/lib/avr5/crtatmega32u4.o
 .debug_str     0x0000000000000371      0x712 obj/haptyk.o
                                        0x777 (size before relaxing)
 .debug_str     0x0000000000000a83      0x5f8 obj/EndpointStream_AVR8.o
                                        0x8d9 (size before relaxing)
 .debug_str     0x000000000000107b      0x26a obj/Endpoint_AVR8.o
                                        0x68d (size before relaxing)
 .debug_str     0x00000000000012e5      0x21e obj/USBController_AVR8.o
                                        0x5b1 (size before relaxing)
 .debug_str     0x0000000000001503      0x133 obj/USBInterrupt_AVR8.o
                                        0x5d7 (size before relaxing)
 .debug_str     0x0000000000001636      0x545 obj/DeviceStandardReq.o
                                        0x9e1 (size before relaxing)
 .debug_str     0x0000000000001b7b       0x35 obj/Events.o
                                        0x1aa (size before relaxing)
 .debug_str     0x0000000000001bb0       0x5f obj/USBTask.o
                                        0x3e0 (size before relaxing)
 .debug_str     0x0000000000001c0f      0x827 obj/Descriptors.o
                                        0xc50 (size before relaxing)
 .debug_str     0x0000000000002436       0x77 obj/bt.o
                                        0x280 (size before relaxing)
 .debug_str     0x00000000000024ad       0x1b obj/spi.o
                                        0x1a6 (size before relaxing)
 .debug_str     0x00000000000024c8       0x23 obj/sdep.o
                                        0x245 (size before relaxing)
 .debug_str     0x00000000000024eb       0x40 obj/print.o
                                        0x343 (size before relaxing)

.debug_loc      0x0000000000000000     0x3cd5
 *(.debug_loc)
 .debug_loc     0x0000000000000000      0x178 obj/haptyk.o
 .debug_loc     0x0000000000000178     0x274e obj/EndpointStream_AVR8.o
 .debug_loc     0x00000000000028c6      0x4cf obj/Endpoint_AVR8.o
 .debug_loc     0x0000000000002d95       0xf9 obj/USBController_AVR8.o
 .debug_loc     0x0000000000002e8e      0x2f1 obj/USBInterrupt_AVR8.o
 .debug_loc     0x000000000000317f      0x35e obj/DeviceStandardReq.o
 .debug_loc     0x00000000000034dd       0x62 obj/USBTask.o
 .debug_loc     0x000000000000353f      0x213 obj/Descriptors.o
 .debug_loc     0x0000000000003752      0x222 obj/bt.o
 .debug_loc     0x0000000000003974       0xd2 obj/spi.o
 .debug_loc     0x0000000000003a46      0x1ea obj/sdep.o
 .debug_loc     0x0000000000003c30       0xa5 obj/print.o

.debug_macinfo
 *(.debug_macinfo)

.debug_weaknames
 *(.debug_weaknames)

.debug_funcnames
 *(.debug_funcnames)

.debug_typenames
 *(.debug_typenames)

.debug_varnames
 *(.debug_varnames)

.debug_pubtypes
 *(.debug_pubtypes)

.debug_ranges   0x0000000000000000      0x660
 *(.debug_ranges)
 .debug_ranges  0x0000000000000000       0xa8 obj/haptyk.o
 .debug_ranges  0x00000000000000a8      0x1f8 obj/EndpointStream_AVR8.o
 .debug_ranges  0x00000000000002a0       0xd8 obj/Endpoint_AVR8.o
 .debug_ranges  0x0000000000000378       0x50 obj/USBController_AVR8.o
 .debug_ranges  0x00000000000003c8       0x50 obj/USBInterrupt_AVR8.o
 .debug_ranges  0x0000000000000418      0x120 obj/DeviceStandardReq.o
 .debug_ranges  0x0000000000000538       0x10 obj/Events.o
 .debug_ranges  0x0000000000000548       0x58 obj/USBTask.o
 .debug_ranges  0x00000000000005a0       0x28 obj/Descriptors.o
 .debug_ranges  0x00000000000005c8       0x28 obj/bt.o
 .debug_ranges  0x00000000000005f0       0x18 obj/spi.o
 .debug_ranges  0x0000000000000608       0x40 obj/sdep.o
 .debug_ranges  0x0000000000000648       0x18 obj/print.o

.debug_macro
 *(.debug_macro)

.debug_addr
 *(.debug_addr)
OUTPUT(haptyk.elf elf32-avr)
LOAD linker stubs

Cross Reference Table

Symbol                                            File
Audio_Device_ConfigureEndpoints                   obj/AudioClassDevice.o
Audio_Device_Event_Stub                           obj/AudioClassDevice.o
Audio_Device_ProcessControlRequest                obj/AudioClassDevice.o
CALLBACK_Audio_Device_GetSetEndpointProperty      obj/AudioClassDevice.o
CALLBACK_Audio_Device_GetSetInterfaceProperty     obj/AudioClassDevice.o
CALLBACK_HIDParser_FilterHIDReportItem            obj/HIDParser.o
CALLBACK_HID_Device_CreateHIDReport               obj/HIDClassDevice.o
CALLBACK_HID_Device_ProcessHIDReport              obj/HIDClassDevice.o
CALLBACK_MS_Device_SCSICommandReceived            obj/MassStorageClassDevice.o
CALLBACK_USB_GetDescriptor                        obj/Descriptors.o
                                                  obj/DeviceStandardReq.o
CDC_Device_BytesReceived                          obj/CDCClassDevice.o
CDC_Device_ConfigureEndpoints                     obj/CDCClassDevice.o
CDC_Device_CreateBlockingStream                   obj/CDCClassDevice.o
CDC_Device_CreateStream                           obj/CDCClassDevice.o
CDC_Device_Event_Stub                             obj/CDCClassDevice.o
CDC_Device_Flush                                  obj/CDCClassDevice.o
CDC_Device_ProcessControlRequest                  obj/CDCClassDevice.o
CDC_Device_ReceiveByte                            obj/CDCClassDevice.o
CDC_Device_SendByte                               obj/CDCClassDevice.o
CDC_Device_SendControlLineStateChange             obj/CDCClassDevice.o
CDC_Device_SendData                               obj/CDCClassDevice.o
CDC_Device_SendData_P                             obj/CDCClassDevice.o
CDC_Device_SendString                             obj/CDCClassDevice.o
CDC_Device_SendString_P                           obj/CDCClassDevice.o
CDC_Device_USBTask                                obj/CDCClassDevice.o
ConfigurationDescriptor                           obj/Descriptors.o
DeviceDescriptor                                  obj/Descriptors.o
EVENT_Audio_Device_StreamStartStop                obj/AudioClassDevice.o
EVENT_CDC_Device_BreakSent                        obj/CDCClassDevice.o
EVENT_CDC_Device_ControLineStateChanged           obj/CDCClassDevice.o
EVENT_CDC_Device_LineEncodingChanged              obj/CDCClassDevice.o
EVENT_PRNT_Device_SoftReset                       obj/PrinterClassDevice.o
EVENT_USB_Device_ConfigurationChanged             obj/haptyk.o
                                                  obj/DeviceStandardReq.o
EVENT_USB_Device_Connect                          obj/haptyk.o
                                                  obj/USBInterrupt_AVR8.o
EVENT_USB_Device_ControlRequest                   obj/haptyk.o
                                                  obj/DeviceStandardReq.o
EVENT_USB_Device_Disconnect                       obj/haptyk.o
                                                  obj/USBInterrupt_AVR8.o
EVENT_USB_Device_Reset                            obj/Events.o
                                                  obj/USBInterrupt_AVR8.o
EVENT_USB_Device_StartOfFrame                     obj/Events.o
                                                  obj/USBInterrupt_AVR8.o
EVENT_USB_Device_Suspend                          obj/Events.o
                                                  obj/USBInterrupt_AVR8.o
EVENT_USB_Device_WakeUp                           obj/Events.o
                                                  obj/USBInterrupt_AVR8.o
Endpoint_ClearEndpoints                           obj/Endpoint_AVR8.o
Endpoint_ClearStatusStage                         obj/Endpoint_AVR8.o
                                                  obj/PrinterClassDevice.o
                                                  obj/MassStorageClassDevice.o
                                                  obj/HIDClassDevice.o
                                                  obj/CDCClassDevice.o
                                                  obj/AudioClassDevice.o
                                                  obj/DeviceStandardReq.o
                                                  obj/haptyk.o
Endpoint_ConfigureEndpointTable                   obj/Endpoint_AVR8.o
                                                  obj/RNDISClassDevice.o
                                                  obj/PrinterClassDevice.o
                                                  obj/MIDIClassDevice.o
                                                  obj/MassStorageClassDevice.o
                                                  obj/HIDClassDevice.o
                                                  obj/CDCClassDevice.o
                                                  obj/AudioClassDevice.o
Endpoint_ConfigureEndpoint_Prv                    obj/Endpoint_AVR8.o
                                                  obj/USBInterrupt_AVR8.o
                                                  obj/USBController_AVR8.o
                                                  obj/haptyk.o
Endpoint_Discard_Stream                           obj/EndpointStream_AVR8.o
Endpoint_Null_Stream                              obj/EndpointStream_AVR8.o
Endpoint_Read_Control_EStream_BE                  obj/EndpointStream_AVR8.o
Endpoint_Read_Control_EStream_LE                  obj/EndpointStream_AVR8.o
Endpoint_Read_Control_Stream_BE                   obj/EndpointStream_AVR8.o
Endpoint_Read_Control_Stream_LE                   obj/EndpointStream_AVR8.o
                                                  obj/RNDISClassDevice.o
                                                  obj/HIDClassDevice.o
                                                  obj/AudioClassDevice.o
                                                  obj/haptyk.o
Endpoint_Read_EStream_BE                          obj/EndpointStream_AVR8.o
Endpoint_Read_EStream_LE                          obj/EndpointStream_AVR8.o
Endpoint_Read_Stream_BE                           obj/EndpointStream_AVR8.o
Endpoint_Read_Stream_LE                           obj/EndpointStream_AVR8.o
                                                  obj/RNDISClassDevice.o
                                                  obj/MIDIClassDevice.o
                                                  obj/MassStorageClassDevice.o
Endpoint_WaitUntilReady                           obj/Endpoint_AVR8.o
                                                  obj/RNDISClassDevice.o
                                                  obj/PrinterClassDevice.o
                                                  obj/MIDIClassDevice.o
                                                  obj/CDCClassDevice.o
                                                  obj/EndpointStream_AVR8.o
Endpoint_Write_Control_EStream_BE                 obj/EndpointStream_AVR8.o
Endpoint_Write_Control_EStream_LE                 obj/EndpointStream_AVR8.o
Endpoint_Write_Control_PStream_BE                 obj/EndpointStream_AVR8.o
Endpoint_Write_Control_PStream_LE                 obj/EndpointStream_AVR8.o
                                                  obj/DeviceStandardReq.o
Endpoint_Write_Control_Stream_BE                  obj/EndpointStream_AVR8.o
Endpoint_Write_Control_Stream_LE                  obj/EndpointStream_AVR8.o
                                                  obj/RNDISClassDevice.o
                                                  obj/PrinterClassDevice.o
                                                  obj/HIDClassDevice.o
                                                  obj/AudioClassDevice.o
                                                  obj/DeviceStandardReq.o
                                                  obj/haptyk.o
Endpoint_Write_EStream_BE                         obj/EndpointStream_AVR8.o
Endpoint_Write_EStream_LE                         obj/EndpointStream_AVR8.o
Endpoint_Write_PStream_BE                         obj/EndpointStream_AVR8.o
Endpoint_Write_PStream_LE                         obj/EndpointStream_AVR8.o
                                                  obj/CDCClassDevice.o
Endpoint_Write_Stream_BE                          obj/EndpointStream_AVR8.o
Endpoint_Write_Stream_LE                          obj/EndpointStream_AVR8.o
                                                  obj/print.o
                                                  obj/usb_driver.o
                                                  obj/RNDISClassDevice.o
                                                  obj/PrinterClassDevice.o
                                                  obj/MIDIClassDevice.o
                                                  obj/MassStorageClassDevice.o
                                                  obj/HIDClassDevice.o
                                                  obj/CDCClassDevice.o
HID_Device_ConfigureEndpoints                     obj/HIDClassDevice.o
HID_Device_ProcessControlRequest                  obj/HIDClassDevice.o
HID_Device_USBTask                                obj/HIDClassDevice.o
LanguageString                                    obj/Descriptors.o
MIDI_Device_ConfigureEndpoints                    obj/MIDIClassDevice.o
MIDI_Device_Flush                                 obj/MIDIClassDevice.o
MIDI_Device_ReceiveEventPacket                    obj/MIDIClassDevice.o
MIDI_Device_SendEventPacket                       obj/MIDIClassDevice.o
MIDI_Device_USBTask                               obj/MIDIClassDevice.o
MS_Device_ConfigureEndpoints                      obj/MassStorageClassDevice.o
MS_Device_ProcessControlRequest                   obj/MassStorageClassDevice.o
MS_Device_USBTask                                 obj/MassStorageClassDevice.o
ManufacturerString                                obj/Descriptors.o
PRNT_Device_BytesReceived                         obj/PrinterClassDevice.o
PRNT_Device_ConfigureEndpoints                    obj/PrinterClassDevice.o
PRNT_Device_CreateBlockingStream                  obj/PrinterClassDevice.o
PRNT_Device_CreateStream                          obj/PrinterClassDevice.o
PRNT_Device_Event_Stub                            obj/PrinterClassDevice.o
PRNT_Device_Flush                                 obj/PrinterClassDevice.o
PRNT_Device_ProcessControlRequest                 obj/PrinterClassDevice.o
PRNT_Device_ReceiveByte                           obj/PrinterClassDevice.o
PRNT_Device_SendByte                              obj/PrinterClassDevice.o
PRNT_Device_SendData                              obj/PrinterClassDevice.o
PRNT_Device_SendString                            obj/PrinterClassDevice.o
PRNT_Device_USBTask                               obj/PrinterClassDevice.o
ProductString                                     obj/Descriptors.o
RNDIS_Device_ConfigureEndpoints                   obj/RNDISClassDevice.o
RNDIS_Device_IsPacketReceived                     obj/RNDISClassDevice.o
RNDIS_Device_ProcessControlRequest                obj/RNDISClassDevice.o
RNDIS_Device_ReadPacket                           obj/RNDISClassDevice.o
RNDIS_Device_SendPacket                           obj/RNDISClassDevice.o
RNDIS_Device_USBTask                              obj/RNDISClassDevice.o
USB_ControlRequest                                obj/USBTask.o
                                                  obj/RNDISClassDevice.o
                                                  obj/PrinterClassDevice.o
                                                  obj/MassStorageClassDevice.o
                                                  obj/HIDClassDevice.o
                                                  obj/CDCClassDevice.o
                                                  obj/AudioClassDevice.o
                                                  obj/DeviceStandardReq.o
                                                  obj/Endpoint_AVR8.o
                                                  obj/EndpointStream_AVR8.o
                                                  obj/haptyk.o
USB_DeviceState                                   obj/USBTask.o
                                                  obj/RNDISClassDevice.o
                                                  obj/PrinterClassDevice.o
                                                  obj/MIDIClassDevice.o
                                                  obj/MassStorageClassDevice.o
                                                  obj/HIDClassDevice.o
                                                  obj/CDCClassDevice.o
                                                  obj/DeviceStandardReq.o
                                                  obj/USBInterrupt_AVR8.o
                                                  obj/USBController_AVR8.o
                                                  obj/Endpoint_AVR8.o
                                                  obj/EndpointStream_AVR8.o
USB_Device_ConfigurationNumber                    obj/DeviceStandardReq.o
                                                  obj/USBInterrupt_AVR8.o
                                                  obj/USBController_AVR8.o
USB_Device_CurrentlySelfPowered                   obj/DeviceStandardReq.o
                                                  obj/USBController_AVR8.o
USB_Device_ProcessControlRequest                  obj/DeviceStandardReq.o
                                                  obj/USBTask.o
USB_Device_RemoteWakeupEnabled                    obj/DeviceStandardReq.o
                                                  obj/USBController_AVR8.o
USB_Device_SendRemoteWakeup                       obj/Device_AVR8.o
USB_Disable                                       obj/USBController_AVR8.o
USB_Event_Stub                                    obj/Events.o
USB_GetHIDReportItemInfo                          obj/HIDParser.o
USB_GetHIDReportSize                              obj/HIDParser.o
USB_GetNextDescriptorComp                         obj/ConfigDescriptors.o
USB_GetNextDescriptorOfType                       obj/ConfigDescriptors.o
USB_GetNextDescriptorOfTypeAfter                  obj/ConfigDescriptors.o
USB_GetNextDescriptorOfTypeBefore                 obj/ConfigDescriptors.o
USB_INT_ClearAllInterrupts                        obj/USBInterrupt_AVR8.o
                                                  obj/USBController_AVR8.o
USB_INT_DisableAllInterrupts                      obj/USBInterrupt_AVR8.o
                                                  obj/USBController_AVR8.o
USB_Init                                          obj/USBController_AVR8.o
                                                  obj/haptyk.o
USB_IsInitialized                                 obj/USBTask.o
                                                  obj/USBController_AVR8.o
USB_ProcessHIDReport                              obj/HIDParser.o
USB_ResetInterface                                obj/USBController_AVR8.o
USB_SetHIDReportItemInfo                          obj/HIDParser.o
USB_USBTask                                       obj/USBTask.o
                                                  obj/print.o
                                                  obj/usb_driver.o
                                                  obj/PrinterClassDevice.o
                                                  obj/MassStorageClassDevice.o
                                                  obj/CDCClassDevice.o
                                                  obj/EndpointStream_AVR8.o
__bad_interrupt                                   /usr/lib/gcc/avr/8.2.0/../../../../avr/lib/avr5/crtatmega32u4.o
__bss_end                                         /usr/lib/gcc/avr/8.2.0/avr5/libgcc.a(_clear_bss.o)
__bss_start                                       /usr/lib/gcc/avr/8.2.0/avr5/libgcc.a(_clear_bss.o)
__data_end                                        /usr/lib/gcc/avr/8.2.0/avr5/libgcc.a(_copy_data.o)
__data_load_start                                 /usr/lib/gcc/avr/8.2.0/avr5/libgcc.a(_copy_data.o)
__data_start                                      /usr/lib/gcc/avr/8.2.0/avr5/libgcc.a(_copy_data.o)
__do_clear_bss                                    /usr/lib/gcc/avr/8.2.0/avr5/libgcc.a(_clear_bss.o)
                                                  obj/print.o
                                                  obj/USBTask.o
                                                  obj/DeviceStandardReq.o
__do_copy_data                                    /usr/lib/gcc/avr/8.2.0/avr5/libgcc.a(_copy_data.o)
                                                  obj/sdep.o
                                                  obj/spi.o
                                                  obj/bt.o
                                                  obj/usb_driver.o
                                                  obj/RNDISClassDevice.o
                                                  obj/CDCClassDevice.o
                                                  obj/haptyk.o
__epilogue_restores__                             /usr/lib/gcc/avr/8.2.0/avr5/libgcc.a(_epilogue.o)
                                                  /usr/lib/gcc/avr/8.2.0/../../../../avr/lib/avr5/libc.a(vfprintf_std.o)
                                                  /usr/lib/gcc/avr/8.2.0/../../../../avr/lib/avr5/libc.a(vsnprintf.o)
__heap_end                                        /usr/lib/gcc/avr/8.2.0/../../../../avr/lib/avr5/crtatmega32u4.o
__init                                            /usr/lib/gcc/avr/8.2.0/../../../../avr/lib/avr5/crtatmega32u4.o
__prologue_saves__                                /usr/lib/gcc/avr/8.2.0/avr5/libgcc.a(_prologue.o)
                                                  /usr/lib/gcc/avr/8.2.0/../../../../avr/lib/avr5/libc.a(vfprintf_std.o)
                                                  /usr/lib/gcc/avr/8.2.0/../../../../avr/lib/avr5/libc.a(vsnprintf.o)
__stack                                           /usr/lib/gcc/avr/8.2.0/../../../../avr/lib/avr5/crtatmega32u4.o
__strlen_P                                        /usr/lib/gcc/avr/8.2.0/../../../../avr/lib/avr5/libc.a(strlen_P.o)
                                                  obj/CDCClassDevice.o
__ultoa_invert                                    /usr/lib/gcc/avr/8.2.0/../../../../avr/lib/avr5/libc.a(ultoa_invert.o)
                                                  /usr/lib/gcc/avr/8.2.0/../../../../avr/lib/avr5/libc.a(vfprintf_std.o)
__vector_1                                        /usr/lib/gcc/avr/8.2.0/../../../../avr/lib/avr5/crtatmega32u4.o
__vector_10                                       obj/USBInterrupt_AVR8.o
                                                  /usr/lib/gcc/avr/8.2.0/../../../../avr/lib/avr5/crtatmega32u4.o
__vector_11                                       /usr/lib/gcc/avr/8.2.0/../../../../avr/lib/avr5/crtatmega32u4.o
__vector_12                                       /usr/lib/gcc/avr/8.2.0/../../../../avr/lib/avr5/crtatmega32u4.o
__vector_13                                       /usr/lib/gcc/avr/8.2.0/../../../../avr/lib/avr5/crtatmega32u4.o
__vector_14                                       /usr/lib/gcc/avr/8.2.0/../../../../avr/lib/avr5/crtatmega32u4.o
__vector_15                                       /usr/lib/gcc/avr/8.2.0/../../../../avr/lib/avr5/crtatmega32u4.o
__vector_16                                       /usr/lib/gcc/avr/8.2.0/../../../../avr/lib/avr5/crtatmega32u4.o
__vector_17                                       /usr/lib/gcc/avr/8.2.0/../../../../avr/lib/avr5/crtatmega32u4.o
__vector_18                                       /usr/lib/gcc/avr/8.2.0/../../../../avr/lib/avr5/crtatmega32u4.o
__vector_19                                       /usr/lib/gcc/avr/8.2.0/../../../../avr/lib/avr5/crtatmega32u4.o
__vector_2                                        /usr/lib/gcc/avr/8.2.0/../../../../avr/lib/avr5/crtatmega32u4.o
__vector_20                                       /usr/lib/gcc/avr/8.2.0/../../../../avr/lib/avr5/crtatmega32u4.o
__vector_21                                       /usr/lib/gcc/avr/8.2.0/../../../../avr/lib/avr5/crtatmega32u4.o
__vector_22                                       /usr/lib/gcc/avr/8.2.0/../../../../avr/lib/avr5/crtatmega32u4.o
__vector_23                                       /usr/lib/gcc/avr/8.2.0/../../../../avr/lib/avr5/crtatmega32u4.o
__vector_24                                       /usr/lib/gcc/avr/8.2.0/../../../../avr/lib/avr5/crtatmega32u4.o
__vector_25                                       /usr/lib/gcc/avr/8.2.0/../../../../avr/lib/avr5/crtatmega32u4.o
__vector_26                                       /usr/lib/gcc/avr/8.2.0/../../../../avr/lib/avr5/crtatmega32u4.o
__vector_27                                       /usr/lib/gcc/avr/8.2.0/../../../../avr/lib/avr5/crtatmega32u4.o
__vector_28                                       /usr/lib/gcc/avr/8.2.0/../../../../avr/lib/avr5/crtatmega32u4.o
__vector_29                                       /usr/lib/gcc/avr/8.2.0/../../../../avr/lib/avr5/crtatmega32u4.o
__vector_3                                        /usr/lib/gcc/avr/8.2.0/../../../../avr/lib/avr5/crtatmega32u4.o
__vector_30                                       /usr/lib/gcc/avr/8.2.0/../../../../avr/lib/avr5/crtatmega32u4.o
__vector_31                                       /usr/lib/gcc/avr/8.2.0/../../../../avr/lib/avr5/crtatmega32u4.o
__vector_32                                       /usr/lib/gcc/avr/8.2.0/../../../../avr/lib/avr5/crtatmega32u4.o
__vector_33                                       /usr/lib/gcc/avr/8.2.0/../../../../avr/lib/avr5/crtatmega32u4.o
__vector_34                                       /usr/lib/gcc/avr/8.2.0/../../../../avr/lib/avr5/crtatmega32u4.o
__vector_35                                       /usr/lib/gcc/avr/8.2.0/../../../../avr/lib/avr5/crtatmega32u4.o
__vector_36                                       /usr/lib/gcc/avr/8.2.0/../../../../avr/lib/avr5/crtatmega32u4.o
__vector_37                                       /usr/lib/gcc/avr/8.2.0/../../../../avr/lib/avr5/crtatmega32u4.o
__vector_38                                       /usr/lib/gcc/avr/8.2.0/../../../../avr/lib/avr5/crtatmega32u4.o
__vector_39                                       /usr/lib/gcc/avr/8.2.0/../../../../avr/lib/avr5/crtatmega32u4.o
__vector_4                                        /usr/lib/gcc/avr/8.2.0/../../../../avr/lib/avr5/crtatmega32u4.o
__vector_40                                       /usr/lib/gcc/avr/8.2.0/../../../../avr/lib/avr5/crtatmega32u4.o
__vector_41                                       /usr/lib/gcc/avr/8.2.0/../../../../avr/lib/avr5/crtatmega32u4.o
__vector_42                                       /usr/lib/gcc/avr/8.2.0/../../../../avr/lib/avr5/crtatmega32u4.o
__vector_5                                        /usr/lib/gcc/avr/8.2.0/../../../../avr/lib/avr5/crtatmega32u4.o
__vector_6                                        /usr/lib/gcc/avr/8.2.0/../../../../avr/lib/avr5/crtatmega32u4.o
__vector_7                                        /usr/lib/gcc/avr/8.2.0/../../../../avr/lib/avr5/crtatmega32u4.o
__vector_8                                        /usr/lib/gcc/avr/8.2.0/../../../../avr/lib/avr5/crtatmega32u4.o
__vector_9                                        /usr/lib/gcc/avr/8.2.0/../../../../avr/lib/avr5/crtatmega32u4.o
__vector_default                                  /usr/lib/gcc/avr/8.2.0/../../../../avr/lib/avr5/crtatmega32u4.o
__vectors                                         /usr/lib/gcc/avr/8.2.0/../../../../avr/lib/avr5/crtatmega32u4.o
_exit                                             /usr/lib/gcc/avr/8.2.0/avr5/libgcc.a(_exit.o)
bt_at_command                                     obj/bt.o
bt_connected                                      obj/bt.o
                                                  obj/haptyk.o
bt_init                                           obj/bt.o
                                                  obj/haptyk.o
bt_write                                          obj/bt.o
eeprom_read_byte                                  /usr/lib/gcc/avr/8.2.0/../../../../avr/lib/avr5/libatmega32u4.a(eerd_byte.o)
                                                  obj/EndpointStream_AVR8.o
eeprom_update_byte                                /usr/lib/gcc/avr/8.2.0/../../../../avr/lib/avr5/libatmega32u4.a(eeupd_byte.o)
                                                  obj/EndpointStream_AVR8.o
eeprom_update_r18                                 /usr/lib/gcc/avr/8.2.0/../../../../avr/lib/avr5/libatmega32u4.a(eeupd_byte.o)
exit                                              /usr/lib/gcc/avr/8.2.0/avr5/libgcc.a(_exit.o)
                                                  /usr/lib/gcc/avr/8.2.0/../../../../avr/lib/avr5/crtatmega32u4.o
fputc                                             /usr/lib/gcc/avr/8.2.0/../../../../avr/lib/avr5/libc.a(fputc.o)
                                                  /usr/lib/gcc/avr/8.2.0/../../../../avr/lib/avr5/libc.a(vfprintf_std.o)
ht_log                                            obj/print.o
                                                  obj/sdep.o
                                                  obj/haptyk.o
ht_logf                                           obj/print.o
                                                  obj/spi.o
main                                              obj/haptyk.o
                                                  /usr/lib/gcc/avr/8.2.0/../../../../avr/lib/avr5/crtatmega32u4.o
memcmp                                            /usr/lib/gcc/avr/8.2.0/../../../../avr/lib/avr5/libc.a(memcmp.o)
                                                  obj/HIDClassDevice.o
memcpy                                            /usr/lib/gcc/avr/8.2.0/../../../../avr/lib/avr5/libc.a(memcpy.o)
                                                  obj/bt.o
                                                  obj/RNDISClassDevice.o
                                                  obj/HIDClassDevice.o
memcpy_P                                          /usr/lib/gcc/avr/8.2.0/../../../../avr/lib/avr5/libc.a(memcpy_P.o)
                                                  obj/RNDISClassDevice.o
memset                                            /usr/lib/gcc/avr/8.2.0/../../../../avr/lib/avr5/libc.a(memset.o)
                                                  obj/HIDClassDevice.o
sdep_send                                         obj/sdep.o
                                                  obj/bt.o
setup                                             obj/haptyk.o
spi_init                                          obj/spi.o
                                                  obj/bt.o
                                                  obj/haptyk.o
spi_transfer                                      obj/spi.o
                                                  obj/sdep.o
strnlen                                           /usr/lib/gcc/avr/8.2.0/../../../../avr/lib/avr5/libc.a(strnlen.o)
                                                  /usr/lib/gcc/avr/8.2.0/../../../../avr/lib/avr5/libc.a(vfprintf_std.o)
strnlen_P                                         /usr/lib/gcc/avr/8.2.0/../../../../avr/lib/avr5/libc.a(strnlen_P.o)
                                                  /usr/lib/gcc/avr/8.2.0/../../../../avr/lib/avr5/libc.a(vfprintf_std.o)
usb_read                                          obj/usb_driver.o
usb_send                                          obj/usb_driver.o
vfprintf                                          /usr/lib/gcc/avr/8.2.0/../../../../avr/lib/avr5/libc.a(vfprintf_std.o)
                                                  /usr/lib/gcc/avr/8.2.0/../../../../avr/lib/avr5/libc.a(vsnprintf.o)
vsnprintf                                         /usr/lib/gcc/avr/8.2.0/../../../../avr/lib/avr5/libc.a(vsnprintf.o)
                                                  obj/print.o
